Archive member included because of file (symbol)

../libs/libcip.a(ram0.o)      (--whole-archive)
../libs/libcip.a(deb.o)       (--whole-archive)
../libs/libcip.a(deblow.o)    (--whole-archive)
../libs/libcip.a(uart.o)      (--whole-archive)
../libs/libcip.a(hwreg.o)     (--whole-archive)
../libs/libcip.a(msg-1.o)     (--whole-archive)
../libs/libcip.a(msg.o)       (--whole-archive)
../libs/libcip.a(out.o)       (--whole-archive)
../libs/libcip.a(write.o)     (--whole-archive)
../libs/libcip.a(float-conv.o)
                              (--whole-archive)
../libs/libcip.a(double.o)    (--whole-archive)
../libs/libcip.a(cortex-a9.o)
                              (--whole-archive)
../libs/libcip.a(cpu.o)       (--whole-archive)
../libs/libcip.a(trap.o)      (--whole-archive)
../libs/libcip.a(big-bang.o)  (--whole-archive)
../libs/libcip.a(big-bang-continued.o)
                              (--whole-archive)
../libs/libcip.a(abi.o)       (--whole-archive)
../libs/libcip.a(sys.o)       (--whole-archive)
../libs/libcip.a(main-call.o)
                              (--whole-archive)
../libs/libcip.a(cip-fpga.o)  (--whole-archive)
../libs/libcip.a(fpga.o)      (--whole-archive)
../libs/libcip.a(sysid.o)     (--whole-archive)
../libs/libcip.a(pio.o)       (--whole-archive)
../libs/libcip.a(soc.o)       (--whole-archive)
../libs/libcip.a(cortex-a9-mpcore.o)
                              (--whole-archive)
../libs/libcip.a(gic.o)       (--whole-archive)
../libs/libcip.a(seg7.o)      (--whole-archive)
../libs/libcip.a(stdio.o)     (--whole-archive)
../libs/libcip.a(init-sequence.o)
                              (--whole-archive)

Discarded input sections

 .group         0x0000000000000000        0x8 ../libs/libcip.a(deblow.o)
 .group         0x0000000000000000        0x8 ../libs/libcip.a(deblow.o)
 .group         0x0000000000000000        0x8 ../libs/libcip.a(deblow.o)
 .group         0x0000000000000000        0x8 ../libs/libcip.a(deblow.o)
 .group         0x0000000000000000        0xc ../libs/libcip.a(msg-1.o)
 .group         0x0000000000000000        0xc ../libs/libcip.a(msg-1.o)
 .group         0x0000000000000000       0x10 ../libs/libcip.a(msg-1.o)
 .group         0x0000000000000000        0x8 ../libs/libcip.a(msg-1.o)
 .group         0x0000000000000000        0x8 ../libs/libcip.a(msg-1.o)
 .group         0x0000000000000000        0xc ../libs/libcip.a(msg.o)
 .group         0x0000000000000000        0xc ../libs/libcip.a(msg.o)
 .group         0x0000000000000000       0x10 ../libs/libcip.a(msg.o)
 .text._ZN2io5ascii6Writer9FormatterD2Ev
                0x0000000000000000        0x4 ../libs/libcip.a(msg.o)
 .text._ZN2io5ascii6WriterD2Ev
                0x0000000000000000        0x4 ../libs/libcip.a(msg.o)
 .text._ZN2io5ascii6Writer9FormatterD0Ev
                0x0000000000000000       0x14 ../libs/libcip.a(msg.o)
 .text._ZN2io5ascii6WriterD0Ev
                0x0000000000000000       0x14 ../libs/libcip.a(msg.o)
 .group         0x0000000000000000        0xc ../libs/libcip.a(write.o)
 .group         0x0000000000000000        0xc ../libs/libcip.a(write.o)
 .group         0x0000000000000000        0xc ../libs/libcip.a(write.o)
 .group         0x0000000000000000        0xc ../libs/libcip.a(write.o)
 .group         0x0000000000000000        0xc ../libs/libcip.a(write.o)
 .group         0x0000000000000000        0xc ../libs/libcip.a(write.o)
 .group         0x0000000000000000        0xc ../libs/libcip.a(write.o)
 .group         0x0000000000000000        0x8 ../libs/libcip.a(write.o)
 .group         0x0000000000000000        0x8 ../libs/libcip.a(write.o)
 .group         0x0000000000000000        0x8 ../libs/libcip.a(write.o)
 .group         0x0000000000000000        0x8 ../libs/libcip.a(write.o)
 .group         0x0000000000000000        0x8 ../libs/libcip.a(write.o)
 .group         0x0000000000000000        0x8 ../libs/libcip.a(write.o)
 .group         0x0000000000000000        0x8 ../libs/libcip.a(write.o)
 .group         0x0000000000000000        0xc ../libs/libcip.a(write.o)
 .group         0x0000000000000000        0x8 ../libs/libcip.a(write.o)
 .group         0x0000000000000000        0xc ../libs/libcip.a(write.o)
 .group         0x0000000000000000        0x8 ../libs/libcip.a(write.o)
 .group         0x0000000000000000        0xc ../libs/libcip.a(write.o)
 .group         0x0000000000000000        0x8 ../libs/libcip.a(write.o)
 .group         0x0000000000000000        0xc ../libs/libcip.a(write.o)
 .group         0x0000000000000000        0x8 ../libs/libcip.a(write.o)
 .group         0x0000000000000000        0x8 ../libs/libcip.a(write.o)
 .group         0x0000000000000000        0x8 ../libs/libcip.a(write.o)
 .group         0x0000000000000000        0x8 ../libs/libcip.a(write.o)
 .group         0x0000000000000000        0x8 ../libs/libcip.a(write.o)
 .text._ZN2io5ascii6Writer9FormatterD2Ev
                0x0000000000000000        0x4 ../libs/libcip.a(write.o)
 .text._ZN2io5ascii6WriterD2Ev
                0x0000000000000000        0x4 ../libs/libcip.a(write.o)
 .text._ZN2io5ascii6Writer9FormatterD0Ev
                0x0000000000000000       0x14 ../libs/libcip.a(write.o)
 .text._ZN2io5ascii6WriterD0Ev
                0x0000000000000000       0x14 ../libs/libcip.a(write.o)
 .group         0x0000000000000000        0x8 ../libs/libcip.a(soc.o)
 .group         0x0000000000000000        0x8 ../libs/libcip.a(soc.o)
 .group         0x0000000000000000        0x8 ../libs/libcip.a(soc.o)
 .group         0x0000000000000000        0x8 ../libs/libcip.a(soc.o)
 .group         0x0000000000000000        0x8 ../libs/libcip.a(stdio.o)

Memory Configuration

Name             Origin             Length             Attributes
*default*        0x0000000000000000 0xffffffffffffffff

Linker script and memory map

LOAD alarmButton.o
LOAD alarmLight.o
LOAD alarmToggler.o
LOAD blinker.o
LOAD digitalInput.o
LOAD doorControl.o
LOAD door.o
LOAD eDoorControlUnit.o
LOAD light1.o
LOAD lightBarrier.o
LOAD main.o
LOAD mDoorControlUnit.o
LOAD openButton.o
LOAD sDoorControlUnit.o
LOAD tDoorControlUnit.o
LOAD ../libs/libcip.a
                0x0000000040000000                DRAMSIZE = 0x40000000

.text           0x0000000000000000     0x37ac
 *(.boot)
 .boot          0x0000000000000000       0xa0 ../libs/libcip.a(big-bang.o)
                0x0000000000000000                bigBang
 *(.text)
 .text          0x00000000000000a0       0x64 alarmButton.o
                0x00000000000000a0                IN_button2InChannel_press()
                0x00000000000000d0                IN_button2InChannel_release()
                0x00000000000000f0                fINIT_alarmButton()
 .text          0x0000000000000104       0x9c alarmLight.o
                0x0000000000000104                fPULSE_alarmLight(eOUTPLS_)
                0x000000000000018c                fINIT_alarmLight()
 .text          0x00000000000001a0       0x84 alarmToggler.o
                0x00000000000001a0                fPULSE_alarmToggler(eOUTPLS_)
                0x0000000000000210                fINIT_alarmToggler()
 .text          0x0000000000000224      0x270 blinker.o
                0x000000000000038c                fPULSE_blinker(eOUTPLS_)
                0x0000000000000444                fINIT_blinker()
 .text          0x0000000000000494       0xdc digitalInput.o
                0x0000000000000494                DigitalInput_init(DigitalInput*, unsigned char)
                0x00000000000004b4                DigitalInput_setInitialValue(DigitalInput*, unsigned char)
                0x00000000000004d8                DigitalInput_detectEdge(DigitalInput*)
 .text          0x0000000000000570      0x3b4 doorControl.o
                0x00000000000006b4                fPULSE_doorControl(eOUTPLS_)
                0x00000000000008d4                fINIT_doorControl()
 .text          0x0000000000000924      0x2d8 door.o
                0x0000000000000924                IN_doorInChannel_doorOpened()
                0x000000000000096c                IN_doorInChannel_doorClosed()
                0x00000000000009d0                IN_doorInChannel_doorNotClosed()
                0x0000000000000a68                IN_doorInChannel_doorNotOpened()
                0x0000000000000ad8                fPULSE_door(eOUTPLS_)
                0x0000000000000be8                fINIT_door()
 .text          0x0000000000000bfc        0x0 eDoorControlUnit.o
 .text          0x0000000000000bfc       0xac light1.o
                0x0000000000000bfc                fPULSE_light1(eOUTPLS_)
                0x0000000000000c94                fINIT_light1()
 .text          0x0000000000000ca8      0x138 lightBarrier.o
                0x0000000000000ca8                IN_lightBarrierInChannel_interrupted()
                0x0000000000000cd8                IN_lightBarrierInChannel_cleared()
                0x0000000000000d08                fPULSE_lightBarrier(eOUTPLS_)
                0x0000000000000dcc                fINIT_lightBarrier()
 .text          0x0000000000000de0      0x44c main.o
                0x0000000000000de0                OUT_light1OutChannel_off()
                0x0000000000000dec                OUT_light1OutChannel_on()
                0x0000000000000df8                OUT_light2OutChannel_off()
                0x0000000000000e04                OUT_light2OutChannel_on()
                0x0000000000000e10                OUT_driveOutChannel_open()
                0x0000000000000e30                OUT_driveOutChannel_close()
                0x0000000000000e50                OUT_driveOutChannel_stop()
                0x0000000000000e5c                OUT_lightBarrierOutChannel_on()
                0x0000000000000e68                OUT_lightBarrierOutChannel_off()
                0x0000000000000e74                initPins()
                0x0000000000000f30                initDigitalInputs()
                0x0000000000000fc8                detectAndHandleEvents()
                0x0000000000001198                runCycle()
 .text          0x000000000000122c      0x354 mDoorControlUnit.o
                0x000000000000122c                TRG_AUTO_()
                0x0000000000001230                TRG_TICK_()
                0x00000000000012ac                fSETTIM_mDoorControlUnit(unsigned char*, tTMEL_mDoorControlUnit*, tTMQE_mDoorControlUnit*)
                0x00000000000013fc                fSTOPTIM_mDoorControlUnit(tTMEL_mDoorControlUnit*, tTMQE_mDoorControlUnit*)
                0x0000000000001498                TRG_STEP_()
                0x00000000000014c4                TRG_CHAIN_()
                0x00000000000014c8                TRG_TIMEUP_()
                0x00000000000014f4                TRG_READ_()
                0x00000000000014f8                fUPDATE_DoorControlSystem()
                0x0000000000001520                fINIT_()
 .text          0x0000000000001580       0x64 openButton.o
                0x0000000000001580                IN_button1InChannel_press()
                0x00000000000015b0                IN_button1InChannel_release()
                0x00000000000015d0                fINIT_openButton()
 .text          0x00000000000015e4        0x0 sDoorControlUnit.o
 .text          0x00000000000015e4        0x0 tDoorControlUnit.o
 .text          0x00000000000015e4       0x70 ../libs/libcip.a(ram0.o)
                0x00000000000015e4                operator new(unsigned int)
                0x0000000000001600                operator delete(void*)
                0x000000000000161c                operator new[](unsigned int)
                0x0000000000001638                operator delete[](void*)
 .text          0x0000000000001654      0x454 ../libs/libcip.a(deb.o)
                0x00000000000016b4                sys::deb::out(char const*)
                0x00000000000016e8                sys::deb::pressAnyKey(char const*)
                0x0000000000001704                sys::deb::waitForKey(char)
                0x000000000000173c                sys::deb::out(unsigned int)
                0x00000000000017a8                sys::deb::out(int)
                0x00000000000017d0                sys::deb::out(void const*)
                0x0000000000001808                sys::deb::out(char const*, unsigned int)
                0x0000000000001834                sys::deb::out(char const*, void const*)
                0x0000000000001860                sys::deb::out(char const*, unsigned int const*, unsigned int)
                0x00000000000018c0                sys::deb::out(char const*, char const*)
                0x00000000000018ec                sys::deb::newln()
                0x00000000000018f8                sys::deb::hex(unsigned char)
                0x00000000000018fc                sys::deb::hex(unsigned short)
                0x0000000000001934                sys::deb::hex(unsigned int)
                0x0000000000001938                sys::deb::hex(unsigned long long)
                0x0000000000001988                sys::deb::hex(char const*, unsigned int)
                0x00000000000019ac                sys::deb::hex(char const*, unsigned int*, unsigned int)
                0x0000000000001a04                sys::deb::dump(unsigned char const*, unsigned int)
                0x0000000000001a80                sys::deb::dump(char const*, unsigned int)
 .text          0x0000000000001aa8      0x13c ../libs/libcip.a(deblow.o)
                0x0000000000001aa8                sys::deb::out(char)
                0x0000000000001ae8                sys::deb::avail()
                0x0000000000001afc                sys::deb::get()
                0x0000000000001b2c                sys::deb::signal0()
                0x0000000000001b58                sys::deb::signal1()
                0x0000000000001b84                sys::deb::signal2()
                0x0000000000001bb0                sys::deb::signal3()
                0x0000000000001bdc                sys::deb::halt()
                0x0000000000001be0                sys::deb::enter()
 .text          0x0000000000001be4        0x0 ../libs/libcip.a(uart.o)
 .text          0x0000000000001be4        0x0 ../libs/libcip.a(hwreg.o)
 .text          0x0000000000001be4       0x34 ../libs/libcip.a(msg-1.o)
                0x0000000000001be4                sys::Msg_1::Msg_1()
                0x0000000000001be4                sys::Msg_1::Msg_1()
 .text          0x0000000000001c18       0xa4 ../libs/libcip.a(msg.o)
                0x0000000000001c18                sys::Msg::Msg(io::ascii::Output&)
                0x0000000000001c18                sys::Msg::Msg(io::ascii::Output&)
                0x0000000000001c44                sys::Msg::error()
                0x0000000000001c68                sys::Msg::warning()
                0x0000000000001c84                sys::Msg::halt()
                0x0000000000001c98                sys::Msg::onEoL(io::ascii::Output&)
                0x0000000000001ca0                non-virtual thunk to sys::Msg::onEoL(io::ascii::Output&)
                0x0000000000001ca8                sys::Msg::debug()
 .text          0x0000000000001cbc      0x1a8 ../libs/libcip.a(out.o)
                0x0000000000001cbc                io::ascii::Output::put(char const*)
                0x0000000000001cf4                io::ascii::Entaber::~Entaber()
                0x0000000000001cf4                io::ascii::Entaber::~Entaber()
                0x0000000000001cf8                io::ascii::Entaber::put(char)
                0x0000000000001e14                io::ascii::Entaber::~Entaber()
                0x0000000000001e28                io::ascii::Output::~Output()
                0x0000000000001e28                io::ascii::Output::~Output()
                0x0000000000001e2c                io::ascii::Output::~Output()
                0x0000000000001e40                io::ascii::Entaber::Entaber(io::ascii::Output&, unsigned int)
                0x0000000000001e40                io::ascii::Entaber::Entaber(io::ascii::Output&, unsigned int)
 .text          0x0000000000001e64      0xe00 ../libs/libcip.a(write.o)
                0x0000000000001e64                io::ascii::Writer::DefaultEoL::onEoL(io::ascii::Output&)
                0x0000000000001e68                io::ascii::Writer::Hex::put(char*, unsigned short) const
                0x0000000000001e9c                io::ascii::Writer::Hex::put(char*, unsigned int) const
                0x0000000000001ed0                io::ascii::Writer::Writer(io::ascii::Output&)
                0x0000000000001ed0                io::ascii::Writer::Writer(io::ascii::Output&)
                0x0000000000001f5c                io::ascii::Writer::Writer(io::ascii::Output&, io::ascii::Writer::EoLListener&)
                0x0000000000001f5c                io::ascii::Writer::Writer(io::ascii::Output&, io::ascii::Writer::EoLListener&)
                0x0000000000001fe4                io::ascii::Writer::newLine()
                0x000000000000204c                io::ascii::Writer::putChar(char)
                0x00000000000020cc                io::ascii::Writer::putReverse(char const*, unsigned int)
                0x0000000000002134                io::ascii::Writer::Dec::put(unsigned long long) const
                0x0000000000002148                io::ascii::Writer::Dec::put(long long) const
                0x00000000000021bc                io::ascii::Writer::Dec::put(unsigned char) const
                0x00000000000021c4                io::ascii::Writer::Dec::put(unsigned int) const
                0x00000000000021cc                io::ascii::Writer::Dec::put(unsigned short) const
                0x0000000000002230                io::ascii::Writer::Dec::put(int) const
                0x0000000000002314                io::ascii::Writer::Hex::put(unsigned int) const
                0x000000000000231c                io::ascii::Writer::Hex::put(unsigned short) const
                0x000000000000237c                io::ascii::Writer::Hex::put(unsigned char) const
                0x0000000000002438                io::ascii::Writer::Hex::put(unsigned long long) const
                0x0000000000002440                io::ascii::Writer::putX_(char const*)
                0x00000000000024b4                io::ascii::Writer::LeftAlign::put(char const*) const
                0x00000000000024bc                io::ascii::Writer::putX_(char const*, unsigned int)
                0x0000000000002548                io::ascii::Writer::LeftAlign::put(char const*, unsigned int) const
                0x0000000000002550                io::ascii::Writer::put_XLine(char const*, unsigned int)
                0x00000000000025ac                io::ascii::Writer::put_X(char const*, unsigned int)
                0x0000000000002660                io::ascii::Writer::RightAlign::put(char const*, unsigned int) const
                0x0000000000002668                io::ascii::Writer::put_X(char const*)
                0x0000000000002714                io::ascii::Writer::RightAlign::put(char const*) const
                0x000000000000271c                io::ascii::Writer::fillLeft(unsigned int)
                0x0000000000002754                io::ascii::Writer::put(char)
                0x0000000000002764                io::ascii::Writer::put(char const*)
                0x00000000000027a8                io::ascii::Writer::put(char const*, unsigned int)
                0x000000000000281c                io::ascii::Writer::setw(int)
                0x0000000000002838                io::ascii::Writer::indent(unsigned int)
                0x0000000000002840                io::ascii::Writer::put(unsigned char)
                0x0000000000002860                io::ascii::Writer::put(unsigned int)
                0x0000000000002880                io::ascii::Writer::put(unsigned short)
                0x00000000000028a0                io::ascii::Writer::put(int)
                0x00000000000028c0                io::ascii::Writer::put(unsigned long long)
                0x00000000000028e0                io::ascii::Writer::put(long long)
                0x0000000000002900                io::ascii::Writer::put(void const*)
                0x0000000000002938                io::ascii::Writer::put(bool)
                0x000000000000294c                io::ascii::Writer::rep(unsigned int, char const*)
                0x000000000000297c                io::ascii::Writer::dump(unsigned int, io::ascii::Writer::BitDesc const*)
                0x00000000000029e8                io::ascii::Writer::debug()
                0x00000000000029ec                io::ascii::Writer::hex(unsigned int)
                0x00000000000029f0                io::ascii::Writer::hex(unsigned short)
                0x00000000000029f4                io::ascii::Writer::hex(unsigned char)
                0x00000000000029f8                io::ascii::Writer::hex(char)
                0x00000000000029fc                io::ascii::Writer::dump(char const*, unsigned int, unsigned int)
                0x0000000000002a94                io::ascii::Writer::dump(unsigned char const*, unsigned int, unsigned int)
                0x0000000000002b2c                io::ascii::Writer::dump(unsigned int const*, unsigned int, unsigned int)
                0x0000000000002bc8                io::ascii::Writer::dump(unsigned short const*, unsigned int, unsigned int)
 .text          0x0000000000002c64        0x0 ../libs/libcip.a(float-conv.o)
 .text          0x0000000000002c64        0x0 ../libs/libcip.a(double.o)
 .text          0x0000000000002c64        0x0 ../libs/libcip.a(cortex-a9.o)
 .text          0x0000000000002c64       0xcc ../libs/libcip.a(cpu.o)
                0x0000000000002c64                sys::CPU::start_()
                0x0000000000002c78                sys::CPU::undef_()
                0x0000000000002c8c                sys::CPU::swi_()
                0x0000000000002ca0                sys::CPU::abort_prefetch_()
                0x0000000000002cb4                sys::CPU::abort_data_()
                0x0000000000002cc8                sys::CPU::reserved_()
                0x0000000000002cdc                sys::CPU::irq_()
                0x0000000000002cf0                sys::CPU::fiq_()
                0x0000000000002d04                sys::CPU::msg(char const*)
                0x0000000000002d10                sys::CPU::armIRQ()
                0x0000000000002d20                sys::CPU::disarmIRQ()
 .text          0x0000000000002d30        0x0 ../libs/libcip.a(trap.o)
 .text          0x0000000000002d30        0x0 ../libs/libcip.a(big-bang.o)
 .text          0x0000000000002d30       0x8c ../libs/libcip.a(big-bang-continued.o)
                0x0000000000002d30                sys::boot::start()
 .text          0x0000000000002dbc      0x130 ../libs/libcip.a(abi.o)
                0x0000000000002dbc                sys::abi::Dtor::Stack::Stack(sys::abi::Dtor*, unsigned int)
                0x0000000000002dbc                sys::abi::Dtor::Stack::Stack(sys::abi::Dtor*, unsigned int)
                0x0000000000002de4                sys::abi::Dtor::Stack::push(void (*)(void*), void*)
                0x0000000000002e04                sys::abi::Dtor::push(void (*)(void*), void*)
                0x0000000000002e60                sys::abi::Dtor::Stack::finalize()
                0x0000000000002ea0                __cxa_pure_virtual
                0x0000000000002eac                __cxa_guard_acquire
                0x0000000000002ebc                __cxa_guard_release
                0x0000000000002ec0                __cxa_atexit
                0x0000000000002ed0                __aeabi_atexit
 .text          0x0000000000002eec       0x78 ../libs/libcip.a(sys.o)
                0x0000000000002eec                sys::Mod::start()
                0x0000000000002f60                sys::Mod::stop()
 .text          0x0000000000002f64       0x30 ../libs/libcip.a(main-call.o)
                0x0000000000002f64                MainCall::MainCall()
                0x0000000000002f64                MainCall::MainCall()
 .text          0x0000000000002f94      0x1dc ../libs/libcip.a(cip-fpga.o)
                0x0000000000002f94                CipFPGA::onTrap()
                0x0000000000002ff8                CipFPGA::logo()
                0x0000000000003024                CipFPGA::CipFPGA()
                0x0000000000003024                CipFPGA::CipFPGA()
                0x0000000000003098                init()
                0x000000000000309c                pinMode(unsigned int, Mode)
                0x00000000000030a0                millis()
                0x00000000000030b0                digitalWrite(unsigned int, bool)
                0x00000000000030e4                digitalRead(unsigned int)
                0x0000000000003114                delay(unsigned int)
 .text          0x0000000000003170        0x0 ../libs/libcip.a(fpga.o)
 .text          0x0000000000003170        0x0 ../libs/libcip.a(sysid.o)
 .text          0x0000000000003170        0x0 ../libs/libcip.a(pio.o)
 .text          0x0000000000003170      0x184 ../libs/libcip.a(soc.o)
                0x0000000000003170                sys::SOC::arm(sys::SOC::PID, unsigned int)
                0x00000000000031c0                sys::SOC::disarm(sys::SOC::PID, unsigned int)
                0x0000000000003210                sys::SOC::install(sys::SOC::PID, sys::Trap*)
                0x0000000000003224                sys::SOC::SOC()
                0x0000000000003224                sys::SOC::SOC()
 .text          0x00000000000032f4        0x0 ../libs/libcip.a(cortex-a9-mpcore.o)
 .text          0x00000000000032f4        0x0 ../libs/libcip.a(gic.o)
 .text          0x00000000000032f4      0x18c ../libs/libcip.a(seg7.o)
                0x00000000000032f4                Seg7::Seg7()
                0x00000000000032f4                Seg7::Seg7()
                0x0000000000003350                Seg7::overflow()
                0x0000000000003378                Seg7::seg(unsigned int, unsigned int)
                0x0000000000003390                Seg7::digit(unsigned int, unsigned int)
                0x00000000000033c0                Seg7::dec(unsigned int)
                0x0000000000003464                Seg7::clr(unsigned int)
 .text          0x0000000000003480      0x1e0 ../libs/libcip.a(stdio.o)
                0x0000000000003480                strcmp(char const*, char const*)
                0x00000000000034bc                getch()
                0x00000000000034c0                readline(char*, unsigned int, char)
                0x0000000000003524                Demo::Demo()
                0x0000000000003524                Demo::Demo()
                0x0000000000003630                printf(char const*, ...)
 .text          0x0000000000003660        0x0 ../libs/libcip.a(init-sequence.o)
 *(.text.startup)
 .text.startup  0x0000000000003660       0xa4 main.o
                0x0000000000003660                main
 .text.startup  0x0000000000003704       0x50 ../libs/libcip.a(msg-1.o)
 .text.startup  0x0000000000003754        0xc ../libs/libcip.a(main-call.o)
 .text.startup  0x0000000000003760        0xc ../libs/libcip.a(cip-fpga.o)
 .text.startup  0x000000000000376c        0xc ../libs/libcip.a(soc.o)
 .text.startup  0x0000000000003778        0xc ../libs/libcip.a(seg7.o)
 .text.startup  0x0000000000003784        0xc ../libs/libcip.a(stdio.o)
                0x0000000000003790                . = ALIGN (0x4)
                0x0000000000003790                __GLOBAL__CONSTRUCTORS = .
                0x0000000000003790                __GLOBAL__CONSTRUCTORS_BEG = .
 *(.init_array)
 .init_array    0x0000000000003790        0x4 ../libs/libcip.a(msg-1.o)
 .init_array    0x0000000000003794        0x4 ../libs/libcip.a(main-call.o)
 .init_array    0x0000000000003798        0x4 ../libs/libcip.a(cip-fpga.o)
 .init_array    0x000000000000379c        0x4 ../libs/libcip.a(soc.o)
 .init_array    0x00000000000037a0        0x4 ../libs/libcip.a(seg7.o)
 .init_array    0x00000000000037a4        0x4 ../libs/libcip.a(stdio.o)
                0x00000000000037a8                __GLOBAL__CONSTRUCTORS_END = .
                0x00000000000037a8        0x4 LONG 0x0

.glue_7         0x00000000000037ac        0x0
 .glue_7        0x0000000000000000        0x0 linker stubs

.glue_7t        0x00000000000037ac        0x0
 .glue_7t       0x0000000000000000        0x0 linker stubs

.iplt           0x00000000000037ac        0x0
 .iplt          0x0000000000000000        0x0 alarmButton.o

.text._ZN2io5ascii6Writer9FormatterD2Ev
                0x00000000000037ac        0x4
 .text._ZN2io5ascii6Writer9FormatterD2Ev
                0x00000000000037ac        0x4 ../libs/libcip.a(msg-1.o)
                0x00000000000037ac                io::ascii::Writer::Formatter::~Formatter()
                0x00000000000037ac                io::ascii::Writer::Formatter::~Formatter()

.text._ZN2io5ascii6WriterD2Ev
                0x00000000000037b0        0x4
 .text._ZN2io5ascii6WriterD2Ev
                0x00000000000037b0        0x4 ../libs/libcip.a(msg-1.o)
                0x00000000000037b0                io::ascii::Writer::~Writer()
                0x00000000000037b0                io::ascii::Writer::~Writer()

.text._ZN3sys5Msg_1D2Ev
                0x00000000000037b4       0x30
 .text._ZN3sys5Msg_1D2Ev
                0x00000000000037b4       0x30 ../libs/libcip.a(msg-1.o)
                0x00000000000037b4                sys::Msg_1::~Msg_1()
                0x00000000000037b4                sys::Msg_1::~Msg_1()

.text._ZN3sys5Msg_1D1Ev
                0x00000000000037e4       0x10
 .text._ZN3sys5Msg_1D1Ev
                0x00000000000037e4       0x10 ../libs/libcip.a(msg-1.o)
                0x00000000000037e4                non-virtual thunk to sys::Msg_1::~Msg_1()
                0x00000000000037ec                non-virtual thunk to sys::Msg_1::~Msg_1()

.text._ZN2io5ascii6Writer9FormatterD0Ev
                0x00000000000037f4       0x14
 .text._ZN2io5ascii6Writer9FormatterD0Ev
                0x00000000000037f4       0x14 ../libs/libcip.a(msg-1.o)
                0x00000000000037f4                io::ascii::Writer::Formatter::~Formatter()

.text._ZN2io5ascii6WriterD0Ev
                0x0000000000003808       0x14
 .text._ZN2io5ascii6WriterD0Ev
                0x0000000000003808       0x14 ../libs/libcip.a(msg-1.o)
                0x0000000000003808                io::ascii::Writer::~Writer()

.text._ZN3sys5Msg_13putEc
                0x000000000000381c       0x10
 .text._ZN3sys5Msg_13putEc
                0x000000000000381c       0x10 ../libs/libcip.a(msg-1.o)
                0x000000000000381c                sys::Msg_1::put(char)
                0x0000000000003824                non-virtual thunk to sys::Msg_1::put(char)

.text._ZN3sys5Msg_1D0Ev
                0x000000000000382c       0x48
 .text._ZN3sys5Msg_1D0Ev
                0x000000000000382c       0x48 ../libs/libcip.a(msg-1.o)
                0x000000000000382c                sys::Msg_1::~Msg_1()
                0x0000000000003864                non-virtual thunk to sys::Msg_1::~Msg_1()
                0x000000000000386c                non-virtual thunk to sys::Msg_1::~Msg_1()

.text._ZN3sys3MsgD2Ev
                0x0000000000003874        0x4
 .text._ZN3sys3MsgD2Ev
                0x0000000000003874        0x4 ../libs/libcip.a(msg.o)
                0x0000000000003874                sys::Msg::~Msg()
                0x0000000000003874                sys::Msg::~Msg()

.text._ZN3sys3MsgD1Ev
                0x0000000000003878        0x8
 .text._ZN3sys3MsgD1Ev
                0x0000000000003878        0x8 ../libs/libcip.a(msg.o)
                0x0000000000003878                non-virtual thunk to sys::Msg::~Msg()

.text._ZN3sys3MsgD0Ev
                0x0000000000003880       0x1c
 .text._ZN3sys3MsgD0Ev
                0x0000000000003880       0x1c ../libs/libcip.a(msg.o)
                0x0000000000003880                sys::Msg::~Msg()
                0x0000000000003894                non-virtual thunk to sys::Msg::~Msg()

.text._ZN2io5ascii6Writer9LeftAlignD2Ev
                0x000000000000389c        0x4
 .text._ZN2io5ascii6Writer9LeftAlignD2Ev
                0x000000000000389c        0x4 ../libs/libcip.a(write.o)
                0x000000000000389c                io::ascii::Writer::LeftAlign::~LeftAlign()
                0x000000000000389c                io::ascii::Writer::LeftAlign::~LeftAlign()

.text._ZN2io5ascii6Writer10RightAlignD2Ev
                0x00000000000038a0        0x4
 .text._ZN2io5ascii6Writer10RightAlignD2Ev
                0x00000000000038a0        0x4 ../libs/libcip.a(write.o)
                0x00000000000038a0                io::ascii::Writer::RightAlign::~RightAlign()
                0x00000000000038a0                io::ascii::Writer::RightAlign::~RightAlign()

.text._ZN2io5ascii6Writer10DefaultEoLD2Ev
                0x00000000000038a4        0x4
 .text._ZN2io5ascii6Writer10DefaultEoLD2Ev
                0x00000000000038a4        0x4 ../libs/libcip.a(write.o)
                0x00000000000038a4                io::ascii::Writer::DefaultEoL::~DefaultEoL()
                0x00000000000038a4                io::ascii::Writer::DefaultEoL::~DefaultEoL()

.text._ZN2io5ascii6Writer3HexD2Ev
                0x00000000000038a8        0x4
 .text._ZN2io5ascii6Writer3HexD2Ev
                0x00000000000038a8        0x4 ../libs/libcip.a(write.o)
                0x00000000000038a8                io::ascii::Writer::Hex::~Hex()
                0x00000000000038a8                io::ascii::Writer::Hex::~Hex()

.text._ZN2io5ascii6Writer3DecD2Ev
                0x00000000000038ac        0x4
 .text._ZN2io5ascii6Writer3DecD2Ev
                0x00000000000038ac        0x4 ../libs/libcip.a(write.o)
                0x00000000000038ac                io::ascii::Writer::Dec::~Dec()
                0x00000000000038ac                io::ascii::Writer::Dec::~Dec()

.text._ZN2io5ascii6Writer10DefaultEoLD0Ev
                0x00000000000038b0       0x14
 .text._ZN2io5ascii6Writer10DefaultEoLD0Ev
                0x00000000000038b0       0x14 ../libs/libcip.a(write.o)
                0x00000000000038b0                io::ascii::Writer::DefaultEoL::~DefaultEoL()

.text._ZN2io5ascii6Writer10RightAlignD0Ev
                0x00000000000038c4       0x14
 .text._ZN2io5ascii6Writer10RightAlignD0Ev
                0x00000000000038c4       0x14 ../libs/libcip.a(write.o)
                0x00000000000038c4                io::ascii::Writer::RightAlign::~RightAlign()

.text._ZN2io5ascii6Writer9LeftAlignD0Ev
                0x00000000000038d8       0x14
 .text._ZN2io5ascii6Writer9LeftAlignD0Ev
                0x00000000000038d8       0x14 ../libs/libcip.a(write.o)
                0x00000000000038d8                io::ascii::Writer::LeftAlign::~LeftAlign()

.text._ZN2io5ascii6Writer3HexD0Ev
                0x00000000000038ec       0x14
 .text._ZN2io5ascii6Writer3HexD0Ev
                0x00000000000038ec       0x14 ../libs/libcip.a(write.o)
                0x00000000000038ec                io::ascii::Writer::Hex::~Hex()

.text._ZN2io5ascii6Writer3DecD0Ev
                0x0000000000003900       0x14
 .text._ZN2io5ascii6Writer3DecD0Ev
                0x0000000000003900       0x14 ../libs/libcip.a(write.o)
                0x0000000000003900                io::ascii::Writer::Dec::~Dec()

.text._ZNK2io5ascii6Writer3Hex3putEi
                0x0000000000003914       0x24
 .text._ZNK2io5ascii6Writer3Hex3putEi
                0x0000000000003914       0x24 ../libs/libcip.a(write.o)
                0x0000000000003914                io::ascii::Writer::Hex::put(int) const

.text._ZNK2io5ascii6Writer3Hex3putEx
                0x0000000000003938       0x34
 .text._ZNK2io5ascii6Writer3Hex3putEx
                0x0000000000003938       0x34 ../libs/libcip.a(write.o)
                0x0000000000003938                io::ascii::Writer::Hex::put(long long) const

.text._ZN2io5ascii6Writer8putAsHexIjEERS1_T_
                0x000000000000396c       0x54
 .text._ZN2io5ascii6Writer8putAsHexIjEERS1_T_
                0x000000000000396c       0x54 ../libs/libcip.a(write.o)
                0x000000000000396c                io::ascii::Writer& io::ascii::Writer::putAsHex<unsigned int>(unsigned int)

.text._ZN2io5ascii6Writer8putAsHexItEERS1_T_
                0x00000000000039c0       0x54
 .text._ZN2io5ascii6Writer8putAsHexItEERS1_T_
                0x00000000000039c0       0x54 ../libs/libcip.a(write.o)
                0x00000000000039c0                io::ascii::Writer& io::ascii::Writer::putAsHex<unsigned short>(unsigned short)

.text._ZN2io5ascii6Writer8putAsHexIhEERS1_T_
                0x0000000000003a14       0x48
 .text._ZN2io5ascii6Writer8putAsHexIhEERS1_T_
                0x0000000000003a14       0x48 ../libs/libcip.a(write.o)
                0x0000000000003a14                io::ascii::Writer& io::ascii::Writer::putAsHex<unsigned char>(unsigned char)

.text._ZN2io5ascii6Writer8putAsHexIcEERS1_T_
                0x0000000000003a5c       0x48
 .text._ZN2io5ascii6Writer8putAsHexIcEERS1_T_
                0x0000000000003a5c       0x48 ../libs/libcip.a(write.o)
                0x0000000000003a5c                io::ascii::Writer& io::ascii::Writer::putAsHex<char>(char)

.text._ZN2io5ascii6Writer8DumpLineIcE4showEv
                0x0000000000003aa4      0x178
 .text._ZN2io5ascii6Writer8DumpLineIcE4showEv
                0x0000000000003aa4      0x178 ../libs/libcip.a(write.o)
                0x0000000000003aa4                io::ascii::Writer::DumpLine<char>::show()

.text._ZN2io5ascii6Writer8DumpLineIcED2Ev
                0x0000000000003c1c       0x20
 .text._ZN2io5ascii6Writer8DumpLineIcED2Ev
                0x0000000000003c1c       0x20 ../libs/libcip.a(write.o)
                0x0000000000003c1c                io::ascii::Writer::DumpLine<char>::~DumpLine()
                0x0000000000003c1c                io::ascii::Writer::DumpLine<char>::~DumpLine()

.text._ZN2io5ascii6Writer8DumpLineIcED0Ev
                0x0000000000003c3c       0x28
 .text._ZN2io5ascii6Writer8DumpLineIcED0Ev
                0x0000000000003c3c       0x28 ../libs/libcip.a(write.o)
                0x0000000000003c3c                io::ascii::Writer::DumpLine<char>::~DumpLine()

.text._ZN2io5ascii6Writer8DumpLineIhE4showEv
                0x0000000000003c64      0x178
 .text._ZN2io5ascii6Writer8DumpLineIhE4showEv
                0x0000000000003c64      0x178 ../libs/libcip.a(write.o)
                0x0000000000003c64                io::ascii::Writer::DumpLine<unsigned char>::show()

.text._ZN2io5ascii6Writer8DumpLineIhED2Ev
                0x0000000000003ddc       0x20
 .text._ZN2io5ascii6Writer8DumpLineIhED2Ev
                0x0000000000003ddc       0x20 ../libs/libcip.a(write.o)
                0x0000000000003ddc                io::ascii::Writer::DumpLine<unsigned char>::~DumpLine()
                0x0000000000003ddc                io::ascii::Writer::DumpLine<unsigned char>::~DumpLine()

.text._ZN2io5ascii6Writer8DumpLineIhED0Ev
                0x0000000000003dfc       0x28
 .text._ZN2io5ascii6Writer8DumpLineIhED0Ev
                0x0000000000003dfc       0x28 ../libs/libcip.a(write.o)
                0x0000000000003dfc                io::ascii::Writer::DumpLine<unsigned char>::~DumpLine()

.text._ZN2io5ascii6Writer8DumpLineIjE4showEv
                0x0000000000003e24      0x12c
 .text._ZN2io5ascii6Writer8DumpLineIjE4showEv
                0x0000000000003e24      0x12c ../libs/libcip.a(write.o)
                0x0000000000003e24                io::ascii::Writer::DumpLine<unsigned int>::show()

.text._ZN2io5ascii6Writer8DumpLineIjED2Ev
                0x0000000000003f50       0x20
 .text._ZN2io5ascii6Writer8DumpLineIjED2Ev
                0x0000000000003f50       0x20 ../libs/libcip.a(write.o)
                0x0000000000003f50                io::ascii::Writer::DumpLine<unsigned int>::~DumpLine()
                0x0000000000003f50                io::ascii::Writer::DumpLine<unsigned int>::~DumpLine()

.text._ZN2io5ascii6Writer8DumpLineIjED0Ev
                0x0000000000003f70       0x28
 .text._ZN2io5ascii6Writer8DumpLineIjED0Ev
                0x0000000000003f70       0x28 ../libs/libcip.a(write.o)
                0x0000000000003f70                io::ascii::Writer::DumpLine<unsigned int>::~DumpLine()

.text._ZN2io5ascii6Writer8DumpLineItE4showEv
                0x0000000000003f98      0x138
 .text._ZN2io5ascii6Writer8DumpLineItE4showEv
                0x0000000000003f98      0x138 ../libs/libcip.a(write.o)
                0x0000000000003f98                io::ascii::Writer::DumpLine<unsigned short>::show()

.text._ZN2io5ascii6Writer8DumpLineItED2Ev
                0x00000000000040d0       0x20
 .text._ZN2io5ascii6Writer8DumpLineItED2Ev
                0x00000000000040d0       0x20 ../libs/libcip.a(write.o)
                0x00000000000040d0                io::ascii::Writer::DumpLine<unsigned short>::~DumpLine()
                0x00000000000040d0                io::ascii::Writer::DumpLine<unsigned short>::~DumpLine()

.text._ZN2io5ascii6Writer8DumpLineItED0Ev
                0x00000000000040f0       0x28
 .text._ZN2io5ascii6Writer8DumpLineItED0Ev
                0x00000000000040f0       0x28 ../libs/libcip.a(write.o)
                0x00000000000040f0                io::ascii::Writer::DumpLine<unsigned short>::~DumpLine()

.text._ZN3sys14CortexA9MPCoreILj212EE5_irq_Ev
                0x0000000000004118       0x60
 .text._ZN3sys14CortexA9MPCoreILj212EE5_irq_Ev
                0x0000000000004118       0x60 ../libs/libcip.a(soc.o)
                0x0000000000004118                sys::CortexA9MPCore<212u>::_irq_()

.text._ZN3sys14CortexA9MPCoreILj212EEC2Ev
                0x0000000000004178       0xd0
 .text._ZN3sys14CortexA9MPCoreILj212EEC2Ev
                0x0000000000004178       0xd0 ../libs/libcip.a(soc.o)
                0x0000000000004178                sys::CortexA9MPCore<212u>::CortexA9MPCore()
                0x0000000000004178                sys::CortexA9MPCore<212u>::CortexA9MPCore()

.text._Z7gPrintfI6OutputEiPKcSt9__va_list
                0x0000000000004248       0xe8
 .text._Z7gPrintfI6OutputEiPKcSt9__va_list
                0x0000000000004248       0xe8 ../libs/libcip.a(stdio.o)
                0x0000000000004248                int gPrintf<Output>(char const*, std::__va_list)

.rel.dyn        0x0000000000004330        0x0
 .rel.iplt      0x0000000000000000        0x0 alarmButton.o

.rodata         0x0000000000004330      0x2d0
 .rodata        0x0000000000004330        0xc digitalInput.o
                0x0000000000004330                noEdge
                0x0000000000004334                risingEdge
                0x0000000000004338                fallingEdge
 .rodata        0x000000000000433c       0x10 doorControl.o
 .rodata        0x000000000000434c        0x8 door.o
 .rodata        0x0000000000004354       0x78 ../libs/libcip.a(ram0.o)
 .rodata        0x00000000000043cc       0x5c ../libs/libcip.a(deb.o)
 .rodata        0x0000000000004428        0x4 ../libs/libcip.a(msg-1.o)
                0x0000000000004428                sys::msg
 *fill*         0x000000000000442c        0x4 
 .rodata        0x0000000000004430       0x28 ../libs/libcip.a(msg.o)
                0x0000000000004430                vtable for sys::Msg
 .rodata        0x0000000000004458       0x30 ../libs/libcip.a(out.o)
                0x0000000000004458                vtable for io::ascii::Entaber
                0x0000000000004470                vtable for io::ascii::Output
 .rodata        0x0000000000004488       0xc8 ../libs/libcip.a(write.o)
                0x0000000000004488                io::ascii::Writer::Digits_
                0x00000000000044a8                vtable for io::ascii::Writer::Dec
                0x00000000000044d0                vtable for io::ascii::Writer::Hex
                0x00000000000044f8                vtable for io::ascii::Writer::LeftAlign
                0x0000000000004510                vtable for io::ascii::Writer::RightAlign
                0x0000000000004528                vtable for io::ascii::Writer::DefaultEoL
                0x0000000000004547                io::ascii::Writer::Fill
                0x0000000000004548                io::ascii::Writer::Digits
 .rodata        0x0000000000004550       0x40 ../libs/libcip.a(cpu.o)
                0x0000000000004550                sys::CPU::TrapTable::Default
 .rodata        0x0000000000004590       0x10 ../libs/libcip.a(cip-fpga.o)
                0x0000000000004590                vtable for CipFPGA
 .rodata        0x00000000000045a0       0x28 ../libs/libcip.a(seg7.o)
                0x00000000000045a0                Seg7::Digits
 .rodata        0x00000000000045c8       0x38 ../libs/libcip.a(init-sequence.o)
                0x00000000000045c8                __InitSequence

.rodata.str1.4  0x0000000000004600      0x268
 .rodata.str1.4
                0x0000000000004600       0x27 main.o
                                         0x28 (size before relaxing)
 *fill*         0x0000000000004627        0x1 
 .rodata.str1.4
                0x0000000000004628       0x2a ../libs/libcip.a(ram0.o)
                                         0x2c (size before relaxing)
 *fill*         0x0000000000004652        0x2 
 .rodata.str1.4
                0x0000000000004654       0x3f ../libs/libcip.a(deb.o)
                                         0x40 (size before relaxing)
 *fill*         0x0000000000004693        0x1 
 .rodata.str1.4
                0x0000000000004694       0x37 ../libs/libcip.a(msg.o)
                                         0x38 (size before relaxing)
 *fill*         0x00000000000046cb        0x1 
 .rodata.str1.4
                0x00000000000046cc       0x26 ../libs/libcip.a(write.o)
                                         0x3c (size before relaxing)
 *fill*         0x00000000000046f2        0x2 
 .rodata.str1.4
                0x00000000000046f4       0x4d ../libs/libcip.a(cpu.o)
                                         0x50 (size before relaxing)
 *fill*         0x0000000000004741        0x3 
 .rodata.str1.4
                0x0000000000004744       0x74 ../libs/libcip.a(abi.o)
 .rodata.str1.4
                0x00000000000047b8        0x2 ../libs/libcip.a(sys.o)
                                          0x4 (size before relaxing)
 *fill*         0x00000000000047ba        0x2 
 .rodata.str1.4
                0x00000000000047bc        0xf ../libs/libcip.a(main-call.o)
                                         0x10 (size before relaxing)
 *fill*         0x00000000000047cb        0x1 
 .rodata.str1.4
                0x00000000000047cc       0x1b ../libs/libcip.a(soc.o)
                                         0x1c (size before relaxing)
 *fill*         0x00000000000047e7        0x1 
 .rodata.str1.4
                0x00000000000047e8       0x26 ../libs/libcip.a(seg7.o)
                                         0x28 (size before relaxing)
 *fill*         0x000000000000480e        0x2 
 .rodata.str1.4
                0x0000000000004810       0x1b ../libs/libcip.a(stdio.o)
                                         0x1c (size before relaxing)
 *fill*         0x000000000000482b        0x1 
 .rodata.str1.4
                0x000000000000482c       0x3c ../libs/libcip.a(init-sequence.o)

.rodata._ZZN3sys3deb6signalILc51EEEvvE3Msg
                0x0000000000004868        0x8
 .rodata._ZZN3sys3deb6signalILc51EEEvvE3Msg
                0x0000000000004868        0x8 ../libs/libcip.a(deblow.o)
                0x0000000000004868                void sys::deb::signal<(char)51>()::Msg

.rodata._ZZN3sys3deb6signalILc50EEEvvE3Msg
                0x0000000000004870        0x8
 .rodata._ZZN3sys3deb6signalILc50EEEvvE3Msg
                0x0000000000004870        0x8 ../libs/libcip.a(deblow.o)
                0x0000000000004870                void sys::deb::signal<(char)50>()::Msg

.rodata._ZZN3sys3deb6signalILc49EEEvvE3Msg
                0x0000000000004878        0x8
 .rodata._ZZN3sys3deb6signalILc49EEEvvE3Msg
                0x0000000000004878        0x8 ../libs/libcip.a(deblow.o)
                0x0000000000004878                void sys::deb::signal<(char)49>()::Msg

.rodata._ZZN3sys3deb6signalILc48EEEvvE3Msg
                0x0000000000004880        0x8
 .rodata._ZZN3sys3deb6signalILc48EEEvvE3Msg
                0x0000000000004880        0x8 ../libs/libcip.a(deblow.o)
                0x0000000000004880                void sys::deb::signal<(char)48>()::Msg

.rodata._ZTVN3sys5Msg_1E
                0x0000000000004888       0x48
 .rodata._ZTVN3sys5Msg_1E
                0x0000000000004888       0x48 ../libs/libcip.a(msg-1.o)
                0x0000000000004888                vtable for sys::Msg_1

.rodata._ZTVN2io5ascii6WriterE
                0x00000000000048d0       0x10
 .rodata._ZTVN2io5ascii6WriterE
                0x00000000000048d0       0x10 ../libs/libcip.a(write.o)
                0x00000000000048d0                vtable for io::ascii::Writer

.rodata._ZTVN2io5ascii6Writer8DumpLineIcEE
                0x00000000000048e0       0x10
 .rodata._ZTVN2io5ascii6Writer8DumpLineIcEE
                0x00000000000048e0       0x10 ../libs/libcip.a(write.o)
                0x00000000000048e0                vtable for io::ascii::Writer::DumpLine<char>

.rodata._ZTVN2io5ascii6Writer8DumpLineIhEE
                0x00000000000048f0       0x10
 .rodata._ZTVN2io5ascii6Writer8DumpLineIhEE
                0x00000000000048f0       0x10 ../libs/libcip.a(write.o)
                0x00000000000048f0                vtable for io::ascii::Writer::DumpLine<unsigned char>

.rodata._ZTVN2io5ascii6Writer8DumpLineIjEE
                0x0000000000004900       0x10
 .rodata._ZTVN2io5ascii6Writer8DumpLineIjEE
                0x0000000000004900       0x10 ../libs/libcip.a(write.o)
                0x0000000000004900                vtable for io::ascii::Writer::DumpLine<unsigned int>

.rodata._ZTVN2io5ascii6Writer8DumpLineItEE
                0x0000000000004910       0x10
 .rodata._ZTVN2io5ascii6Writer8DumpLineItEE
                0x0000000000004910       0x10 ../libs/libcip.a(write.o)
                0x0000000000004910                vtable for io::ascii::Writer::DumpLine<unsigned short>
                0x0000000000004920                . = ALIGN (0x4)

.data           0x0000000000004920       0x2c
 .data          0x0000000000004920        0x4 alarmButton.o
                0x0000000000004920                pStatus_alarmButton
 .data          0x0000000000004924        0x4 alarmLight.o
                0x0000000000004924                pStatus_alarmLight
 .data          0x0000000000004928        0x4 alarmToggler.o
                0x0000000000004928                pStatus_alarmToggler
 .data          0x000000000000492c        0x4 blinker.o
                0x000000000000492c                pStatus_blinker
 .data          0x0000000000004930        0x0 digitalInput.o
 .data          0x0000000000004930        0x4 doorControl.o
                0x0000000000004930                pStatus_doorControl
 .data          0x0000000000004934        0x4 door.o
                0x0000000000004934                pStatus_door
 .data          0x0000000000004938        0x0 eDoorControlUnit.o
 .data          0x0000000000004938        0x4 light1.o
                0x0000000000004938                pStatus_light1
 .data          0x000000000000493c        0x4 lightBarrier.o
                0x000000000000493c                pStatus_lightBarrier
 .data          0x0000000000004940        0x4 main.o
                0x0000000000004940                waitTime
 .data          0x0000000000004944        0x0 mDoorControlUnit.o
 .data          0x0000000000004944        0x4 openButton.o
                0x0000000000004944                pStatus_openButton
 .data          0x0000000000004948        0x0 sDoorControlUnit.o
 .data          0x0000000000004948        0x0 tDoorControlUnit.o
 .data          0x0000000000004948        0x0 ../libs/libcip.a(ram0.o)
 .data          0x0000000000004948        0x0 ../libs/libcip.a(deb.o)
 .data          0x0000000000004948        0x0 ../libs/libcip.a(deblow.o)
 .data          0x0000000000004948        0x0 ../libs/libcip.a(uart.o)
 .data          0x0000000000004948        0x0 ../libs/libcip.a(hwreg.o)
 .data          0x0000000000004948        0x0 ../libs/libcip.a(msg-1.o)
 .data          0x0000000000004948        0x0 ../libs/libcip.a(msg.o)
 .data          0x0000000000004948        0x0 ../libs/libcip.a(out.o)
 .data          0x0000000000004948        0x0 ../libs/libcip.a(write.o)
 .data          0x0000000000004948        0x0 ../libs/libcip.a(float-conv.o)
 .data          0x0000000000004948        0x0 ../libs/libcip.a(double.o)
 .data          0x0000000000004948        0x0 ../libs/libcip.a(cortex-a9.o)
 .data          0x0000000000004948        0x0 ../libs/libcip.a(cpu.o)
 .data          0x0000000000004948        0x0 ../libs/libcip.a(trap.o)
 .data          0x0000000000004948        0x0 ../libs/libcip.a(big-bang.o)
 .data          0x0000000000004948        0x0 ../libs/libcip.a(big-bang-continued.o)
 .data          0x0000000000004948        0x4 ../libs/libcip.a(abi.o)
                0x0000000000004948                __dso_handle
 .data          0x000000000000494c        0x0 ../libs/libcip.a(sys.o)
 .data          0x000000000000494c        0x0 ../libs/libcip.a(main-call.o)
 .data          0x000000000000494c        0x0 ../libs/libcip.a(cip-fpga.o)
 .data          0x000000000000494c        0x0 ../libs/libcip.a(fpga.o)
 .data          0x000000000000494c        0x0 ../libs/libcip.a(sysid.o)
 .data          0x000000000000494c        0x0 ../libs/libcip.a(pio.o)
 .data          0x000000000000494c        0x0 ../libs/libcip.a(soc.o)
 .data          0x000000000000494c        0x0 ../libs/libcip.a(cortex-a9-mpcore.o)
 .data          0x000000000000494c        0x0 ../libs/libcip.a(gic.o)
 .data          0x000000000000494c        0x0 ../libs/libcip.a(seg7.o)
 .data          0x000000000000494c        0x0 ../libs/libcip.a(stdio.o)
 .data          0x000000000000494c        0x0 ../libs/libcip.a(init-sequence.o)

.igot.plt       0x000000000000494c        0x0
 .igot.plt      0x0000000000000000        0x0 alarmButton.o

.bss            0x000000000000494c      0x150
                0x000000000000494c                . = ALIGN (0x4)
                0x000000000000494c                _bss_beg = .
 *(.bss)
 .bss           0x000000000000494c        0x4 alarmButton.o
                0x000000000000494c                status_alarmButton
 .bss           0x0000000000004950        0x4 alarmLight.o
                0x0000000000004950                status_alarmLight
 .bss           0x0000000000004954        0x4 alarmToggler.o
                0x0000000000004954                status_alarmToggler
 .bss           0x0000000000004958       0x1c blinker.o
                0x0000000000004958                status_blinker
                0x0000000000004964                IO_blinker
 .bss           0x0000000000004974        0x0 digitalInput.o
 .bss           0x0000000000004974       0x18 doorControl.o
                0x0000000000004974                status_doorControl
                0x0000000000004978                IO_doorControl
 .bss           0x000000000000498c        0x4 door.o
                0x000000000000498c                status_door
 .bss           0x0000000000004990        0x0 eDoorControlUnit.o
 .bss           0x0000000000004990        0x4 light1.o
                0x0000000000004990                status_light1
 .bss           0x0000000000004994        0x4 lightBarrier.o
                0x0000000000004994                status_lightBarrier
 .bss           0x0000000000004998       0x48 main.o
                0x00000000000049d4                lastTimeMillis
                0x00000000000049d8                newWaitTime
                0x00000000000049dc                z_phys
 .bss           0x00000000000049e0       0x28 mDoorControlUnit.o
                0x00000000000049e0                time_
                0x00000000000049e4                TIMING_mDoorControlUnit
                0x00000000000049fc                tuhead_mDoorControlUnit
                0x0000000000004a00                tutail_mDoorControlUnit
                0x0000000000004a04                CHNOUT_mDoorControlUnit
 .bss           0x0000000000004a08        0x4 openButton.o
                0x0000000000004a08                status_openButton
 .bss           0x0000000000004a0c       0x14 sDoorControlUnit.o
                0x0000000000004a0c                TRG_PENDING_
 .bss           0x0000000000004a20        0x0 tDoorControlUnit.o
 .bss           0x0000000000004a20        0x0 ../libs/libcip.a(ram0.o)
 .bss           0x0000000000004a20        0x0 ../libs/libcip.a(deb.o)
 .bss           0x0000000000004a20        0x0 ../libs/libcip.a(deblow.o)
 .bss           0x0000000000004a20        0x0 ../libs/libcip.a(uart.o)
 .bss           0x0000000000004a20        0x0 ../libs/libcip.a(hwreg.o)
 .bss           0x0000000000004a20       0x58 ../libs/libcip.a(msg-1.o)
                0x0000000000004a20                sys::Msg_1::msg
 .bss           0x0000000000004a78        0x0 ../libs/libcip.a(msg.o)
 .bss           0x0000000000004a78        0x0 ../libs/libcip.a(out.o)
 .bss           0x0000000000004a78        0x0 ../libs/libcip.a(write.o)
 .bss           0x0000000000004a78        0x0 ../libs/libcip.a(float-conv.o)
 .bss           0x0000000000004a78        0x0 ../libs/libcip.a(double.o)
 .bss           0x0000000000004a78        0x0 ../libs/libcip.a(cortex-a9.o)
 .bss           0x0000000000004a78        0x0 ../libs/libcip.a(cpu.o)
 .bss           0x0000000000004a78        0x0 ../libs/libcip.a(trap.o)
 .bss           0x0000000000004a78        0x0 ../libs/libcip.a(big-bang.o)
 .bss           0x0000000000004a78        0x0 ../libs/libcip.a(big-bang-continued.o)
 .bss           0x0000000000004a78        0x4 ../libs/libcip.a(abi.o)
                0x0000000000004a78                sys::abi::Dtor::stack
 .bss           0x0000000000004a7c        0x0 ../libs/libcip.a(sys.o)
 .bss           0x0000000000004a7c        0x4 ../libs/libcip.a(main-call.o)
                0x0000000000004a7c                MainCall::mainCall
 .bss           0x0000000000004a80       0x10 ../libs/libcip.a(cip-fpga.o)
                0x0000000000004a80                CipFPGA::ms
                0x0000000000004a84                CipFPGA::cipFPGA
 .bss           0x0000000000004a90        0x0 ../libs/libcip.a(fpga.o)
 .bss           0x0000000000004a90        0x0 ../libs/libcip.a(sysid.o)
 .bss           0x0000000000004a90        0x0 ../libs/libcip.a(pio.o)
 .bss           0x0000000000004a90        0x4 ../libs/libcip.a(soc.o)
                0x0000000000004a90                sys::SOC::soc
 .bss           0x0000000000004a94        0x0 ../libs/libcip.a(cortex-a9-mpcore.o)
 .bss           0x0000000000004a94        0x0 ../libs/libcip.a(gic.o)
 .bss           0x0000000000004a94        0x4 ../libs/libcip.a(seg7.o)
                0x0000000000004a94                Seg7::seg7
 .bss           0x0000000000004a98        0x4 ../libs/libcip.a(stdio.o)
                0x0000000000004a98                Demo::demo
 .bss           0x0000000000004a9c        0x0 ../libs/libcip.a(init-sequence.o)
                0x0000000000004a9c                . = ALIGN (0x4)
                0x0000000000004a9c                _bss_end = .
                0x000000003ffff800                STACK_SVC = (DRAMSIZE - 0x800)
                0x000000003ffffc00                STACK_FIQ = (DRAMSIZE - 0x400)
                0x0000000040000000                STACK_IRQ = DRAMSIZE

.bss._ZN3sys14CortexA9MPCoreILj212EE9trapTableE
                0x0000000000004aa0       0x40
 .bss._ZN3sys14CortexA9MPCoreILj212EE9trapTableE
                0x0000000000004aa0       0x40 ../libs/libcip.a(soc.o)
                0x0000000000004aa0                sys::CortexA9MPCore<212u>::trapTable

.bss._ZN3sys14CortexA9MPCoreILj212EE4trapE
                0x0000000000004ae0      0x350
 .bss._ZN3sys14CortexA9MPCoreILj212EE4trapE
                0x0000000000004ae0      0x350 ../libs/libcip.a(soc.o)
                0x0000000000004ae0                sys::CortexA9MPCore<212u>::trap

/DISCARD/
 *(.v4_bx)
 *(.vfp11_veneer)
                0x00000000ffc02000                _ZN3sys3reg5UART0E = 0xffc02000
                0x00000000ffc03000                _ZN3sys3reg5UART1E = 0xffc03000
                0x00000000ffc04000                _ZN3sys3reg4I2C0E = 0xffc04000
                0x00000000ffc05000                _ZN3sys3reg4I2C1E = 0xffc05000
                0x00000000ffc06000                _ZN3sys3reg4I2C2E = 0xffc06000
                0x00000000ffc07000                _ZN3sys3reg4I2C3E = 0xffc07000
                0x00000000ff708000                _ZN3sys3reg5GPIO0E = 0xff708000
                0x00000000ff709000                _ZN3sys3reg5GPIO1E = 0xff709000
                0x00000000ff70a000                _ZN3sys3reg5GPIO2E = 0xff70a000
                0x00000000ff200000                HWBASE = 0xff200000
                0x00000000fffec000                PERIPHBASE = 0xfffec000
                0x00000000fffec000                _ZN3sys3reg3PMRE = PERIPHBASE
                0x00000000fffec100                _ZN3sys14CortexA9MPCoreILj212EE4GICCE = (PERIPHBASE + 0x100)
                0x00000000fffec600                _ZN3sys14CortexA9MPCoreILj212EE6PTIMERE = (PERIPHBASE + 0x600)
                0x00000000fffed000                _ZN3sys14CortexA9MPCoreILj212EE4GICDE = (PERIPHBASE + 0x1000)
                0x00000000ff210000                _ZN3sys3reg4FPGAE = (HWBASE + 0x10000)
                0x00000000ff210030                LED_PIO = 0xff210030
                0x00000000ff210080                SWI_PIO = 0xff210080
OUTPUT(main elf32-littlearm)

.comment        0x0000000000000000       0x11
 .comment       0x0000000000000000       0x11 alarmButton.o
                                         0x12 (size before relaxing)
 .comment       0x0000000000000000       0x12 alarmLight.o
 .comment       0x0000000000000000       0x12 alarmToggler.o
 .comment       0x0000000000000000       0x12 blinker.o
 .comment       0x0000000000000000       0x12 digitalInput.o
 .comment       0x0000000000000000       0x12 doorControl.o
 .comment       0x0000000000000000       0x12 door.o
 .comment       0x0000000000000000       0x12 eDoorControlUnit.o
 .comment       0x0000000000000000       0x12 light1.o
 .comment       0x0000000000000000       0x12 lightBarrier.o
 .comment       0x0000000000000000       0x12 main.o
 .comment       0x0000000000000000       0x12 mDoorControlUnit.o
 .comment       0x0000000000000000       0x12 openButton.o
 .comment       0x0000000000000000       0x12 sDoorControlUnit.o
 .comment       0x0000000000000000       0x12 tDoorControlUnit.o
 .comment       0x0000000000000000       0x12 ../libs/libcip.a(ram0.o)
 .comment       0x0000000000000000       0x12 ../libs/libcip.a(deb.o)
 .comment       0x0000000000000000       0x12 ../libs/libcip.a(deblow.o)
 .comment       0x0000000000000000       0x12 ../libs/libcip.a(uart.o)
 .comment       0x0000000000000000       0x12 ../libs/libcip.a(hwreg.o)
 .comment       0x0000000000000000       0x12 ../libs/libcip.a(msg-1.o)
 .comment       0x0000000000000000       0x12 ../libs/libcip.a(msg.o)
 .comment       0x0000000000000000       0x12 ../libs/libcip.a(out.o)
 .comment       0x0000000000000000       0x12 ../libs/libcip.a(write.o)
 .comment       0x0000000000000000       0x12 ../libs/libcip.a(float-conv.o)
 .comment       0x0000000000000000       0x12 ../libs/libcip.a(double.o)
 .comment       0x0000000000000000       0x12 ../libs/libcip.a(cortex-a9.o)
 .comment       0x0000000000000000       0x12 ../libs/libcip.a(cpu.o)
 .comment       0x0000000000000000       0x12 ../libs/libcip.a(trap.o)
 .comment       0x0000000000000000       0x12 ../libs/libcip.a(big-bang-continued.o)
 .comment       0x0000000000000000       0x12 ../libs/libcip.a(abi.o)
 .comment       0x0000000000000000       0x12 ../libs/libcip.a(sys.o)
 .comment       0x0000000000000000       0x12 ../libs/libcip.a(main-call.o)
 .comment       0x0000000000000000       0x12 ../libs/libcip.a(cip-fpga.o)
 .comment       0x0000000000000000       0x12 ../libs/libcip.a(fpga.o)
 .comment       0x0000000000000000       0x12 ../libs/libcip.a(sysid.o)
 .comment       0x0000000000000000       0x12 ../libs/libcip.a(pio.o)
 .comment       0x0000000000000000       0x12 ../libs/libcip.a(soc.o)
 .comment       0x0000000000000000       0x12 ../libs/libcip.a(cortex-a9-mpcore.o)
 .comment       0x0000000000000000       0x12 ../libs/libcip.a(gic.o)
 .comment       0x0000000000000000       0x12 ../libs/libcip.a(seg7.o)
 .comment       0x0000000000000000       0x12 ../libs/libcip.a(stdio.o)
 .comment       0x0000000000000000       0x12 ../libs/libcip.a(init-sequence.o)

.note.GNU-stack
                0x0000000000000000        0x0
 .note.GNU-stack
                0x0000000000000000        0x0 alarmButton.o
 .note.GNU-stack
                0x0000000000000000        0x0 alarmLight.o
 .note.GNU-stack
                0x0000000000000000        0x0 alarmToggler.o
 .note.GNU-stack
                0x0000000000000000        0x0 blinker.o
 .note.GNU-stack
                0x0000000000000000        0x0 digitalInput.o
 .note.GNU-stack
                0x0000000000000000        0x0 doorControl.o
 .note.GNU-stack
                0x0000000000000000        0x0 door.o
 .note.GNU-stack
                0x0000000000000000        0x0 eDoorControlUnit.o
 .note.GNU-stack
                0x0000000000000000        0x0 light1.o
 .note.GNU-stack
                0x0000000000000000        0x0 lightBarrier.o
 .note.GNU-stack
                0x0000000000000000        0x0 main.o
 .note.GNU-stack
                0x0000000000000000        0x0 mDoorControlUnit.o
 .note.GNU-stack
                0x0000000000000000        0x0 openButton.o
 .note.GNU-stack
                0x0000000000000000        0x0 sDoorControlUnit.o
 .note.GNU-stack
                0x0000000000000000        0x0 tDoorControlUnit.o
 .note.GNU-stack
                0x0000000000000000        0x0 ../libs/libcip.a(ram0.o)
 .note.GNU-stack
                0x0000000000000000        0x0 ../libs/libcip.a(deb.o)
 .note.GNU-stack
                0x0000000000000000        0x0 ../libs/libcip.a(deblow.o)
 .note.GNU-stack
                0x0000000000000000        0x0 ../libs/libcip.a(uart.o)
 .note.GNU-stack
                0x0000000000000000        0x0 ../libs/libcip.a(hwreg.o)
 .note.GNU-stack
                0x0000000000000000        0x0 ../libs/libcip.a(msg-1.o)
 .note.GNU-stack
                0x0000000000000000        0x0 ../libs/libcip.a(msg.o)
 .note.GNU-stack
                0x0000000000000000        0x0 ../libs/libcip.a(out.o)
 .note.GNU-stack
                0x0000000000000000        0x0 ../libs/libcip.a(write.o)
 .note.GNU-stack
                0x0000000000000000        0x0 ../libs/libcip.a(float-conv.o)
 .note.GNU-stack
                0x0000000000000000        0x0 ../libs/libcip.a(double.o)
 .note.GNU-stack
                0x0000000000000000        0x0 ../libs/libcip.a(cortex-a9.o)
 .note.GNU-stack
                0x0000000000000000        0x0 ../libs/libcip.a(cpu.o)
 .note.GNU-stack
                0x0000000000000000        0x0 ../libs/libcip.a(trap.o)
 .note.GNU-stack
                0x0000000000000000        0x0 ../libs/libcip.a(big-bang-continued.o)
 .note.GNU-stack
                0x0000000000000000        0x0 ../libs/libcip.a(abi.o)
 .note.GNU-stack
                0x0000000000000000        0x0 ../libs/libcip.a(sys.o)
 .note.GNU-stack
                0x0000000000000000        0x0 ../libs/libcip.a(main-call.o)
 .note.GNU-stack
                0x0000000000000000        0x0 ../libs/libcip.a(cip-fpga.o)
 .note.GNU-stack
                0x0000000000000000        0x0 ../libs/libcip.a(fpga.o)
 .note.GNU-stack
                0x0000000000000000        0x0 ../libs/libcip.a(sysid.o)
 .note.GNU-stack
                0x0000000000000000        0x0 ../libs/libcip.a(pio.o)
 .note.GNU-stack
                0x0000000000000000        0x0 ../libs/libcip.a(soc.o)
 .note.GNU-stack
                0x0000000000000000        0x0 ../libs/libcip.a(cortex-a9-mpcore.o)
 .note.GNU-stack
                0x0000000000000000        0x0 ../libs/libcip.a(gic.o)
 .note.GNU-stack
                0x0000000000000000        0x0 ../libs/libcip.a(seg7.o)
 .note.GNU-stack
                0x0000000000000000        0x0 ../libs/libcip.a(stdio.o)
 .note.GNU-stack
                0x0000000000000000        0x0 ../libs/libcip.a(init-sequence.o)

.ARM.attributes
                0x0000000000000000       0x37
 .ARM.attributes
                0x0000000000000000       0x39 alarmButton.o
 .ARM.attributes
                0x0000000000000039       0x39 alarmLight.o
 .ARM.attributes
                0x0000000000000072       0x39 alarmToggler.o
 .ARM.attributes
                0x00000000000000ab       0x39 blinker.o
 .ARM.attributes
                0x00000000000000e4       0x39 digitalInput.o
 .ARM.attributes
                0x000000000000011d       0x39 doorControl.o
 .ARM.attributes
                0x0000000000000156       0x39 door.o
 .ARM.attributes
                0x000000000000018f       0x39 eDoorControlUnit.o
 .ARM.attributes
                0x00000000000001c8       0x39 light1.o
 .ARM.attributes
                0x0000000000000201       0x39 lightBarrier.o
 .ARM.attributes
                0x000000000000023a       0x39 main.o
 .ARM.attributes
                0x0000000000000273       0x39 mDoorControlUnit.o
 .ARM.attributes
                0x00000000000002ac       0x39 openButton.o
 .ARM.attributes
                0x00000000000002e5       0x39 sDoorControlUnit.o
 .ARM.attributes
                0x000000000000031e       0x39 tDoorControlUnit.o
 .ARM.attributes
                0x0000000000000357       0x39 ../libs/libcip.a(ram0.o)
 .ARM.attributes
                0x0000000000000390       0x39 ../libs/libcip.a(deb.o)
 .ARM.attributes
                0x00000000000003c9       0x39 ../libs/libcip.a(deblow.o)
 .ARM.attributes
                0x0000000000000402       0x39 ../libs/libcip.a(uart.o)
 .ARM.attributes
                0x000000000000043b       0x39 ../libs/libcip.a(hwreg.o)
 .ARM.attributes
                0x0000000000000474       0x39 ../libs/libcip.a(msg-1.o)
 .ARM.attributes
                0x00000000000004ad       0x39 ../libs/libcip.a(msg.o)
 .ARM.attributes
                0x00000000000004e6       0x39 ../libs/libcip.a(out.o)
 .ARM.attributes
                0x000000000000051f       0x39 ../libs/libcip.a(write.o)
 .ARM.attributes
                0x0000000000000558       0x39 ../libs/libcip.a(float-conv.o)
 .ARM.attributes
                0x0000000000000591       0x39 ../libs/libcip.a(double.o)
 .ARM.attributes
                0x00000000000005ca       0x39 ../libs/libcip.a(cortex-a9.o)
 .ARM.attributes
                0x0000000000000603       0x39 ../libs/libcip.a(cpu.o)
 .ARM.attributes
                0x000000000000063c       0x39 ../libs/libcip.a(trap.o)
 .ARM.attributes
                0x0000000000000675       0x27 ../libs/libcip.a(big-bang.o)
 .ARM.attributes
                0x000000000000069c       0x39 ../libs/libcip.a(big-bang-continued.o)
 .ARM.attributes
                0x00000000000006d5       0x39 ../libs/libcip.a(abi.o)
 .ARM.attributes
                0x000000000000070e       0x39 ../libs/libcip.a(sys.o)
 .ARM.attributes
                0x0000000000000747       0x39 ../libs/libcip.a(main-call.o)
 .ARM.attributes
                0x0000000000000780       0x39 ../libs/libcip.a(cip-fpga.o)
 .ARM.attributes
                0x00000000000007b9       0x39 ../libs/libcip.a(fpga.o)
 .ARM.attributes
                0x00000000000007f2       0x39 ../libs/libcip.a(sysid.o)
 .ARM.attributes
                0x000000000000082b       0x39 ../libs/libcip.a(pio.o)
 .ARM.attributes
                0x0000000000000864       0x39 ../libs/libcip.a(soc.o)
 .ARM.attributes
                0x000000000000089d       0x39 ../libs/libcip.a(cortex-a9-mpcore.o)
 .ARM.attributes
                0x00000000000008d6       0x39 ../libs/libcip.a(gic.o)
 .ARM.attributes
                0x000000000000090f       0x39 ../libs/libcip.a(seg7.o)
 .ARM.attributes
                0x0000000000000948       0x39 ../libs/libcip.a(stdio.o)
 .ARM.attributes
                0x0000000000000981       0x39 ../libs/libcip.a(init-sequence.o)
